Java HotSpot(TM) 64-Bit Server VM (25.74-b02) for linux-amd64 JRE (1.8.0_74-b02), built on Jan 29 2016 19:20:56 by "java_re" with gcc 4.3.0 20080428 (Red Hat 4.3.0-8)
Memory: 4k page, physical 8133632k(6556284k free), swap 3999740k(3593428k free)
CommandLine flags: -XX:-DisableExplicitGC -XX:ErrorFile=/var/log/java_hs_err_pid<pid>.log -XX:InitialHeapSize=5368709120 -XX:+JavaMonitorsInStackTrace -XX:MaxGCPauseMillis=100 -XX:MaxHeapSize=5368709120 -XX:-OmitStackTraceInFastThrow -XX:+ParallelRefProcEnabled -XX:+PrintAdaptiveSizePolicy -XX:+PrintGC -XX:+PrintGCDateStamps -XX:+PrintGCDetails -XX:+PrintGCTimeStamps -XX:+PrintHeapAtSIGBREAK -XX:+PrintReferenceGC -XX:+PrintTenuringDistribution -XX:+StackTraceInThrowable -XX:+UseCompressedClassPointers -XX:+UseCompressedOops -XX:+UseG1GC
 0.125: [G1Ergonomics (Heap Sizing) expand the heap, requested expansion amount: 5368709120 bytes, attempted expansion amount: 5368709120 bytes]
2016-04-05T15:00:01.020+0000: 7.784: [GC pause (G1 Evacuation Pause) (young)
Desired survivor size 16777216 bytes, new threshold 15 (max 15)
 7.785: [G1Ergonomics (CSet Construction) start choosing CSet, _pending_cards: 0, predicted base time: 10.00 ms, remaining time: 90.00 ms, target pause time: 100.00 ms]
 7.785: [G1Ergonomics (CSet Construction) add young regions to CSet, eden: 128 regions, survivors: 0 regions, predicted young region time: 3891.07 ms]
 7.785: [G1Ergonomics (CSet Construction) finish choosing CSet, eden: 128 regions, survivors: 0 regions, old: 0 regions, predicted pause time: 3901.07 ms, target pause time: 100.00 ms]
2016-04-05T15:00:01.029+0000: 7.793: [SoftReference, 0 refs, 0.0007438 secs]2016-04-05T15:00:01.030+0000: 7.794: [WeakReference, 25 refs, 0.0002265 secs]2016-04-05T15:00:01.030+0000: 7.794: [FinalReference, 9415 refs, 0.0109214 secs]2016-04-05T15:00:01.041+0000: 7.805: [PhantomReference, 0 refs, 0 refs, 0.0003871 secs]2016-04-05T15:00:01.041+0000: 7.806: [JNI Weak Reference, 0.0000120 secs], 0.0218748 secs]
   [Parallel Time: 8.5 ms, GC Workers: 8]
      [GC Worker Start (ms): Min: 7784.7, Avg: 7785.9, Max: 7790.6, Diff: 5.9]
      [Ext Root Scanning (ms): Min: 0.0, Avg: 1.9, Max: 6.5, Diff: 6.5, Sum: 14.9]
      [Update RS (ms): Min: 0.0, Avg: 0.0, Max: 0.0, Diff: 0.0, Sum: 0.0]
         [Processed Buffers: Min: 0, Avg: 0.0, Max: 0, Diff: 0, Sum: 0]
      [Scan RS (ms): Min: 0.0, Avg: 0.0, Max: 0.1, Diff: 0.1, Sum: 0.1]
      [Code Root Scanning (ms): Min: 0.0, Avg: 0.0, Max: 0.0, Diff: 0.0, Sum: 0.0]
      [Object Copy (ms): Min: 0.4, Avg: 4.1, Max: 6.6, Diff: 6.1, Sum: 32.5]
      [Termination (ms): Min: 0.0, Avg: 1.2, Max: 1.4, Diff: 1.4, Sum: 9.6]
         [Termination Attempts: Min: 1, Avg: 16.6, Max: 37, Diff: 36, Sum: 133]
      [GC Worker Other (ms): Min: 0.0, Avg: 0.0, Max: 0.0, Diff: 0.0, Sum: 0.1]
      [GC Worker Total (ms): Min: 2.5, Avg: 7.2, Max: 8.4, Diff: 5.9, Sum: 57.2]
      [GC Worker End (ms): Min: 7793.0, Avg: 7793.1, Max: 7793.1, Diff: 0.0]
   [Code Root Fixup: 0.0 ms]
   [Code Root Purge: 0.0 ms]
   [Clear CT: 0.1 ms]
   [Other: 13.3 ms]
      [Choose CSet: 0.0 ms]
      [Ref Proc: 12.7 ms]
      [Ref Enq: 0.1 ms]
      [Redirty Cards: 0.1 ms]
      [Humongous Register: 0.1 ms]
      [Humongous Reclaim: 0.0 ms]
      [Free CSet: 0.1 ms]
   [Eden: 256.0M(256.0M)->0.0B(234.0M) Survivors: 0.0B->22.0M Heap: 256.0M(5120.0M)->21.4M(5120.0M)]
 [Times: user=0.06 sys=0.05, real=0.02 secs]
 10.834: [G1Ergonomics (Concurrent Cycles) request concurrent cycle initiation, reason: requested by GC cause, GC cause: Metadata GC Threshold]
 10.834: [G1Ergonomics (Concurrent Cycles) initiate concurrent cycle, reason: concurrent cycle initiation requested]